FF....                                                                   [100%]
================================== FAILURES ===================================
_________ test_source_build_mount_and_independent_machine_fk[build0] __________

source_model = CadModel(source_path=WindowsPath('F:/【项目和任务】/5AxisSclicer_V2.0/tmp/project_audit_fix/pytest_tube_context/tube-source0/....4999999), maximum=(57.0000001, 57.0000001, 20.5000001)), source_size_bytes=26487, source_mtime_ns=1789188678203883500)
build = CoordinateFrameDefinition(frame_id='build', name='build', origin_reference=PointReference(reference_type='numeric', po....0, 0.0, -0.0), (0.0, 0.0, 1.0, -0.0), (0.0, 0.0, 0.0, 1.0)), source_frame='source', target_frame='build'), revision=1)

    @pytest.mark.parametrize("build", [frame("build", (10, 0, 0)), frame("build", (10, 0, 0), x=(0, 1, 0))])
    def test_source_build_mount_and_independent_machine_fk(source_model, build):
        ctrl = controller(source_model, build=build)
        result = ctrl.generate_operation("tube")
        assert ctrl.setup_ready
        assert result.exportable, result.validation.to_json()
        centre = build.T_target_from_source.transform_point((50, 50, 20.25))
        axis = build.T_target_from_source.transform_vector((0, 0, 1))
        for point, sample in zip(result.toolpath.points, result.trajectory.samples, strict=True):
            delta = tuple(point.position[k]-centre[k] for k in range(3))
            assert abs(sum(delta[k]*axis[k] for k in range(3))) < 1e-7
            assert abs(math.sqrt(sum(v*v for v in delta))-5.5) < .001
            machine = ctrl.machine_profile()
            physical = (machine.mount_transform(ctrl.setup.mount_datum_id, sample.joint_positions)
                        @ ctrl.setup.T_mount_from_build).transform_point(point.position)
            tool = machine.link_transform(machine.tool_link_id, sample.joint_positions).translation
            actual_tip = (tool[0], tool[1], tool[2]-2)
            assert math.dist(physical, actual_tip) < 1e-7
>       assert source_model.edges[0].center == pytest.approx((50, 50, 20.5))
E       assert (50.0, 50.0, 20.0) == approx((50 ± ....5 ± 2.1e-05))
E         
E         comparison failed. Mismatched elements: 1 / 3:
E         Max absolute difference: 0.5
E         Max relative difference: 0.025
E         Index | Obtained | Expected      
E         2     | 20.0     | 20.5 ± 2.1e-05

tests\test_tube_generation_context.py:78: AssertionError
_________ test_source_build_mount_and_independent_machine_fk[build1] __________

source_model = CadModel(source_path=WindowsPath('F:/【项目和任务】/5AxisSclicer_V2.0/tmp/project_audit_fix/pytest_tube_context/tube-source0/....4999999), maximum=(57.0000001, 57.0000001, 20.5000001)), source_size_bytes=26487, source_mtime_ns=1789188678203883500)
build = CoordinateFrameDefinition(frame_id='build', name='build', origin_reference=PointReference(reference_type='numeric', po....0, 0.0, 10.0), (0.0, 0.0, 1.0, -0.0), (0.0, 0.0, 0.0, 1.0)), source_frame='source', target_frame='build'), revision=1)

    @pytest.mark.parametrize("build", [frame("build", (10, 0, 0)), frame("build", (10, 0, 0), x=(0, 1, 0))])
    def test_source_build_mount_and_independent_machine_fk(source_model, build):
        ctrl = controller(source_model, build=build)
        result = ctrl.generate_operation("tube")
        assert ctrl.setup_ready
        assert result.exportable, result.validation.to_json()
        centre = build.T_target_from_source.transform_point((50, 50, 20.25))
        axis = build.T_target_from_source.transform_vector((0, 0, 1))
        for point, sample in zip(result.toolpath.points, result.trajectory.samples, strict=True):
            delta = tuple(point.position[k]-centre[k] for k in range(3))
            assert abs(sum(delta[k]*axis[k] for k in range(3))) < 1e-7
            assert abs(math.sqrt(sum(v*v for v in delta))-5.5) < .001
            machine = ctrl.machine_profile()
            physical = (machine.mount_transform(ctrl.setup.mount_datum_id, sample.joint_positions)
                        @ ctrl.setup.T_mount_from_build).transform_point(point.position)
            tool = machine.link_transform(machine.tool_link_id, sample.joint_positions).translation
            actual_tip = (tool[0], tool[1], tool[2]-2)
            assert math.dist(physical, actual_tip) < 1e-7
>       assert source_model.edges[0].center == pytest.approx((50, 50, 20.5))
E       assert (50.0, 50.0, 20.0) == approx((50 ± ....5 ± 2.1e-05))
E         
E         comparison failed. Mismatched elements: 1 / 3:
E         Max absolute difference: 0.5
E         Max relative difference: 0.025
E         Index | Obtained | Expected      
E         2     | 20.0     | 20.5 ± 2.1e-05

tests\test_tube_generation_context.py:78: AssertionError
=========================== short test summary info ===========================
FAILED tests/test_tube_generation_context.py::test_source_build_mount_and_independent_machine_fk[build0]
FAILED tests/test_tube_generation_context.py::test_source_build_mount_and_independent_machine_fk[build1]
2 failed, 4 passed in 12.68s
