{
  "placement_0": {
    "case": "placement_0",
    "setup_ready": true,
    "status": "warning",
    "exportable": true,
    "input_sha256": "f22805c635039b4c79e327f5dbb9d81da496b31cd4008a81510b77f092190437",
    "gcode_sha256": "1b2d1ac0625a8946273f07d4b8ba742dfeefe6eb32fb787f6edff5cdbbebc67c",
    "points": 346,
    "independent_max_fk_error_mm": 1.2710574864626038e-13
  },
  "placement_100": {
    "case": "placement_100",
    "setup_ready": true,
    "status": "warning",
    "exportable": true,
    "input_sha256": "0a3715743ff44f22ccc9911cd30946e400af7f81e190d14190f4fdc4efce210e",
    "gcode_sha256": "71c6b8afe10b3ba6531f06d34ab4cd4c1cd5e56a1a3c3ba4e10249c7a544a44a",
    "points": 346,
    "independent_max_fk_error_mm": 1.6077746776921858e-13
  },
  "rotated_build": {
    "case": "rotated_build",
    "setup_ready": true,
    "status": "warning",
    "exportable": true,
    "input_sha256": "1b6f90e60ee10157aef9572a7dc749f15616b974f9c9ac55826abcf928e7c8db",
    "gcode_sha256": "f9699c5ecce049abc41f50da466042c6c95309ffec45a14a88509718eeb4910b",
    "points": 346,
    "independent_max_fk_error_mm": 1.2710574864626038e-13
  }
}
