F                                                                        [100%]
================================== FAILURES ===================================
_ IndexedPlanningTests.test_indexed_nozzle_is_fixed_per_region_not_wall_radial _

self = <test_tube_indexed_pipeline.IndexedPlanningTests testMethod=test_indexed_nozzle_is_fixed_per_region_not_wall_radial>

    def test_indexed_nozzle_is_fixed_per_region_not_wall_radial(self) -> None:
        plan = plan_indexed_slices(self.feature, self.parameters)
        path = generate_indexed_toolpath("fixed-axis", self.feature, plan, self.parameters)
        layers = {layer.layer_id: layer for layer in plan.layers}
        for point in path.points:
            if point.point_type == "deposition":
                expected = tuple(-v for v in layers[point.layer_id].plane_normal)
>               self.assertEqual(point.nozzle_axis, expected)
E               AssertionError: Tuples differ: (0.4647231720437685, -0.8854560256532099, -0.0) != (-0.0, -0.0, -1.0)
E               
E               First differing element 0:
E               0.4647231720437685
E               -0.0
E               
E               - (0.4647231720437685, -0.8854560256532099, -0.0)
E               + (-0.0, -0.0, -1.0)

tests\test_tube_indexed_pipeline.py:360: AssertionError
=========================== short test summary info ===========================
FAILED tests/test_tube_indexed_pipeline.py::IndexedPlanningTests::test_indexed_nozzle_is_fixed_per_region_not_wall_radial
1 failed, 20 deselected in 2.80s
