........................................................................ [  5%]
........................................................................ [ 11%]
..................................................................... [ 16%]
.................................................. [ 20%]
................................. [ 23%]
.................................................................... [ 28%]
........................................................................ [ 33%]
........................................................................ [ 39%]
........................................................................ [ 45%]
........................................................................ [ 50%]
.................s.............s....................... [ 55%]
................................... [ 57%]
...................................................................... [ 63%]
.....s.................................................................. [ 68%]
.................................................................. [ 74%]
................................................................... [ 79%]
........................................................................ [ 84%]
................................................................... [ 90%]
.................................................................. [ 95%]
.....................................+++++++++++++++++++++++++++++++++++ Timeout +++++++++++++++++++++++++++++++++++
~~~~~~~~~~~~~~~~ Stack of five-axis-slicer-automation (29036) ~~~~~~~~~~~~~~~~~
  File "C:\ProgramData\anaconda3\Lib\threading.py", line 1032, in _bootstrap
    self._bootstrap_inner()
  File "C:\ProgramData\anaconda3\Lib\threading.py", line 1075, in _bootstrap_inner
    self.run()
  File "C:\ProgramData\anaconda3\Lib\threading.py", line 1012, in run
    self._target(*self._args, **self._kwargs)
  File "C:\ProgramData\anaconda3\Lib\socketserver.py", line 235, in serve_forever
    ready = selector.select(poll_interval)
  File "C:\ProgramData\anaconda3\Lib\selectors.py", line 323, in select
    r, w, _ = self._select(self._readers, self._writers, [], timeout)
  File "C:\ProgramData\anaconda3\Lib\selectors.py", line 314, in _select
    r, w, x = select.select(r, w, w, timeout)
~~~~~~~~~~~~~~~~~~~~~~~~~ Stack of MainThread (35636) ~~~~~~~~~~~~~~~~~~~~~~~~~
  File "<frozen runpy>", line 198, in _run_module_as_main
  File "<frozen runpy>", line 88, in _run_code
  File "F:\【项目和任务】\5AxisSclicer_V2.0\tmp\pytest9\Lib\site-packages\pytest\__main__.py", line 9, in <module>
    raise SystemExit(_console_main())
  File "F:\【项目和任务】\5AxisSclicer_V2.0\tmp\pytest9\Lib\site-packages\_pytest\config\__init__.py", line 253, in _console_main
    code = _main(prog=_get_prog_name(sys.argv))
  File "F:\【项目和任务】\5AxisSclicer_V2.0\tmp\pytest9\Lib\site-packages\_pytest\config\__init__.py", line 229, in _main
    ret: ExitCode | int = config.hook.pytest_cmdline_main(config=config)
  File "F:\【项目和任务】\5AxisSclicer_V2.0\tmp\pytest9\Lib\site-packages\pluggy\_hooks.py", line 512, in __call__
    return self._hookexec(self.name, self._hookimpls.copy(), kwargs, firstresult)
  File "F:\【项目和任务】\5AxisSclicer_V2.0\tmp\pytest9\Lib\site-packages\pluggy\_manager.py", line 120, in _hookexec
    return self._inner_hookexec(hook_name, methods, kwargs, firstresult)
  File "F:\【项目和任务】\5AxisSclicer_V2.0\tmp\pytest9\Lib\site-packages\pluggy\_callers.py", line 121, in _multicall
    res = hook_impl.function(*args)
  File "F:\【项目和任务】\5AxisSclicer_V2.0\tmp\pytest9\Lib\site-packages\_pytest\main.py", line 377, in pytest_cmdline_main
    return wrap_session(config, _main)
  File "F:\【项目和任务】\5AxisSclicer_V2.0\tmp\pytest9\Lib\site-packages\_pytest\main.py", line 330, in wrap_session
    session.exitstatus = doit(config, session) or 0
  File "F:\【项目和任务】\5AxisSclicer_V2.0\tmp\pytest9\Lib\site-packages\_pytest\main.py", line 384, in _main
    config.hook.pytest_runtestloop(session=session)
  File "F:\【项目和任务】\5AxisSclicer_V2.0\tmp\pytest9\Lib\site-packages\pluggy\_hooks.py", line 512, in __call__
    return self._hookexec(self.name, self._hookimpls.copy(), kwargs, firstresult)
  File "F:\【项目和任务】\5AxisSclicer_V2.0\tmp\pytest9\Lib\site-packages\pluggy\_manager.py", line 120, in _hookexec
    return self._inner_hookexec(hook_name, methods, kwargs, firstresult)
  File "F:\【项目和任务】\5AxisSclicer_V2.0\tmp\pytest9\Lib\site-packages\pluggy\_callers.py", line 121, in _multicall
    res = hook_impl.function(*args)
  File "F:\【项目和任务】\5AxisSclicer_V2.0\tmp\pytest9\Lib\site-packages\_pytest\main.py", line 408, in pytest_runtestloop
    item.config.hook.pytest_runtest_protocol(item=item, nextitem=nextitem)
  File "F:\【项目和任务】\5AxisSclicer_V2.0\tmp\pytest9\Lib\site-packages\pluggy\_hooks.py", line 512, in __call__
    return self._hookexec(self.name, self._hookimpls.copy(), kwargs, firstresult)
  File "F:\【项目和任务】\5AxisSclicer_V2.0\tmp\pytest9\Lib\site-packages\pluggy\_manager.py", line 120, in _hookexec
    return self._inner_hookexec(hook_name, methods, kwargs, firstresult)
  File "F:\【项目和任务】\5AxisSclicer_V2.0\tmp\pytest9\Lib\site-packages\pluggy\_callers.py", line 121, in _multicall
    res = hook_impl.function(*args)
  File "F:\【项目和任务】\5AxisSclicer_V2.0\tmp\pytest9\Lib\site-packages\_pytest\runner.py", line 118, in pytest_runtest_protocol
    runtestprotocol(item, nextitem=nextitem)
  File "F:\【项目和任务】\5AxisSclicer_V2.0\tmp\pytest9\Lib\site-packages\_pytest\runner.py", line 139, in runtestprotocol
    reports.append(call_and_report(item, "call", log))
  File "F:\【项目和任务】\5AxisSclicer_V2.0\tmp\pytest9\Lib\site-packages\_pytest\runner.py", line 249, in call_and_report
    call = CallInfo.from_call(
  File "F:\【项目和任务】\5AxisSclicer_V2.0\tmp\pytest9\Lib\site-packages\_pytest\runner.py", line 361, in from_call
    result: TResult | None = func()
  File "F:\【项目和任务】\5AxisSclicer_V2.0\tmp\pytest9\Lib\site-packages\_pytest\runner.py", line 250, in <lambda>
    lambda: runtest_hook(item=item, **kwds),
  File "F:\【项目和任务】\5AxisSclicer_V2.0\tmp\pytest9\Lib\site-packages\pluggy\_hooks.py", line 512, in __call__
    return self._hookexec(self.name, self._hookimpls.copy(), kwargs, firstresult)
  File "F:\【项目和任务】\5AxisSclicer_V2.0\tmp\pytest9\Lib\site-packages\pluggy\_manager.py", line 120, in _hookexec
    return self._inner_hookexec(hook_name, methods, kwargs, firstresult)
  File "F:\【项目和任务】\5AxisSclicer_V2.0\tmp\pytest9\Lib\site-packages\pluggy\_callers.py", line 121, in _multicall
    res = hook_impl.function(*args)
  File "F:\【项目和任务】\5AxisSclicer_V2.0\tmp\pytest9\Lib\site-packages\_pytest\runner.py", line 184, in pytest_runtest_call
    item.runtest()
  File "F:\【项目和任务】\5AxisSclicer_V2.0\tmp\pytest9\Lib\site-packages\_pytest\python.py", line 1707, in runtest
    self.ihook.pytest_pyfunc_call(pyfuncitem=self)
  File "F:\【项目和任务】\5AxisSclicer_V2.0\tmp\pytest9\Lib\site-packages\pluggy\_hooks.py", line 512, in __call__
    return self._hookexec(self.name, self._hookimpls.copy(), kwargs, firstresult)
  File "F:\【项目和任务】\5AxisSclicer_V2.0\tmp\pytest9\Lib\site-packages\pluggy\_manager.py", line 120, in _hookexec
    return self._inner_hookexec(hook_name, methods, kwargs, firstresult)
  File "F:\【项目和任务】\5AxisSclicer_V2.0\tmp\pytest9\Lib\site-packages\pluggy\_callers.py", line 121, in _multicall
    res = hook_impl.function(*args)
  File "F:\【项目和任务】\5AxisSclicer_V2.0\tmp\pytest9\Lib\site-packages\_pytest\python.py", line 167, in pytest_pyfunc_call
    result = testfunction(**testargs)
  File "F:\【项目和任务】\5AxisSclicer_V2.0\tests\test_workbench_setup_scope.py", line 87, in test_setup_changes_preserve_unapplied_operation_inputs
    window = MainWindow(http_port=0, model_viewer_factory=TubeViewerStub)
  File "F:\【项目和任务】\5AxisSclicer_V2.0\src\five_axis_slicer\ui.py", line 169, in __init__
    self._apply_style()
  File "F:\【项目和任务】\5AxisSclicer_V2.0\src\five_axis_slicer\ui.py", line 2479, in _apply_style
    QApplication.setStyle("Fusion")
  File "F:\【项目和任务】\5AxisSclicer_V2.0\src\five_axis_slicer\result_preview.py", line 214, in changeEvent
    self._refresh_elision()
+++++++++++++++++++++++++++++++++++ Timeout +++++++++++++++++++++++++++++++++++
