........................................................................ [  5%]
........................................................................ [ 11%]
..................................................................... [ 16%]
.................................................. [ 20%]
................................. [ 23%]
.................................................................... [ 28%]
........................................................................ [ 33%]
........................................................................ [ 39%]
........................................................................ [ 45%]
........................................................................ [ 50%]
.................s.............s....................... [ 55%]
................................... [ 57%]
...................................................................... [ 63%]
.....s.................................................................. [ 68%]
.................................................................. [ 74%]
................................................................... [ 79%]
........................................................................ [ 84%]
................................................................... [ 90%]
.................................................................. [ 95%]
.............................................................            [100%]
=========================== short test summary info ===========================
SKIPPED [1] tests\test_project_io.py:779: file symlink unavailable: [WinError 1314] 客户端没有所需的特权。: 'C:\\Users\\TANGXU~1\\AppData\\Local\\Temp\\tmp7ubahmpr\\outside.step' -> 'C:\\Users\\TANGXU~1\\AppData\\Local\\Temp\\tmp7ubahmpr\\project\\source\\dfadc26e4dd623a62b4f6092ca2d089ca4a296e73f3b212470988bfa39e12c7a.step'
SKIPPED [1] tests\test_project_io.py:807: directory symlink unavailable: [WinError 1314] 客户端没有所需的特权。: 'C:\\Users\\TANGXU~1\\AppData\\Local\\Temp\\tmp8lsj47ru\\outside-source' -> 'C:\\Users\\TANGXU~1\\AppData\\Local\\Temp\\tmp8lsj47ru\\project\\source'
SKIPPED [1] tests\test_setup_config.py:335: file symlink unavailable: [WinError 1314] 客户端没有所需的特权。: 'C:\\Users\\TANGXU~1\\AppData\\Local\\Temp\\tmpk1od16bs\\target.yaml' -> 'C:\\Users\\TANGXU~1\\AppData\\Local\\Temp\\tmpk1od16bs\\manufacturing-setup.yaml'
1280 passed, 3 skipped, 146 subtests passed in 366.80s (0:06:06)
