..F.....                                                                 [100%]
================================== FAILURES ===================================
______ test_perimeters_close_each_loop_and_every_transition_is_explicit _______

    def test_perimeters_close_each_loop_and_every_transition_is_explicit():
        region = PlanarRegion(
            "concave",
            _loop((0, 0, 0), (8, 0, 0), (8, 3, 0), (3, 3, 0), (3, 8, 0), (0, 8, 0)),
            (_loop((1, 1, 0), (2, 1, 0), (2, 2, 0), (1, 2, 0)),),
        )
        other = PlanarRegion("island", _loop((20, 0, 0), (22, 0, 0), (22, 2, 0), (20, 2, 0)))
        path = generate_zigzag_toolpath(
            "op", (PlanarSliceLayer("layer", 0, (other, region)),), ZigzagParameters(1, 0.5, 0.2)
        )
        perimeter = [point for point in path.points if point.extrusion_role == "skin"]
>       assert len(perimeter) == 14  # 6 + 4 + 4 closed-loop edges
        ^^^^^^^^^^^^^^^^^^^^^^^^^^^
E       AssertionError: assert 74 == 14
E        +  where 74 = len([ToolpathPoint(point_id='point-0000002', position=(7.750000000000001, 0.25, 0.0), tangent=(1.0, 0.0, 0.0), nozzle_axis...te_mm_min=600.0, bead_width_mm=0.5, layer_height_mm=0.2, material_volume_mm3=0.0032701564615071725, issue_ids=()), ...])

tests\test_planar_zigzag.py:59: AssertionError
=========================== short test summary info ===========================
FAILED tests/test_planar_zigzag.py::test_perimeters_close_each_loop_and_every_transition_is_explicit
1 failed, 7 passed in 2.87s
