..F.................FFFFFF.FFFFFFFFF...F.F                               [100%]
================================== FAILURES ===================================
______ test_perimeters_close_each_loop_and_every_transition_is_explicit _______

    def test_perimeters_close_each_loop_and_every_transition_is_explicit():
        region = PlanarRegion(
            "concave",
            _loop((0, 0, 0), (8, 0, 0), (8, 3, 0), (3, 3, 0), (3, 8, 0), (0, 8, 0)),
            (_loop((1, 1, 0), (2, 1, 0), (2, 2, 0), (1, 2, 0)),),
        )
        other = PlanarRegion("island", _loop((20, 0, 0), (22, 0, 0), (22, 2, 0), (20, 2, 0)))
        path = generate_zigzag_toolpath(
            "op", (PlanarSliceLayer("layer", 0, (other, region)),), ZigzagParameters(1, 0.5, 0.2)
        )
        skin_starts = []
        skin_ends = []
        for index, point in enumerate(path.points):
            if point.extrusion_role != "skin":
                continue
            assert point.point_type == "deposition"
            if index == 0 or path.points[index - 1].extrusion_role != "skin":
                assert index > 0
                start = path.points[index - 1]
                assert start.point_type in {"approach", "travel"}
                skin_starts.append(start.position)
            if index + 1 == len(path.points) or path.points[index + 1].extrusion_role != "skin":
                skin_ends.append(point.position)
        assert len(skin_starts) == len(skin_ends) == 3
        assert all(
            end == pytest.approx(start) for start, end in zip(skin_starts, skin_ends, strict=True)
        )
        event_types = [event.event_type for event in path.events]
        assert event_types.count("retract") == event_types.count("prime") - 1
        assert all(
            point.material_volume_mm3 == 0 for point in path.points if point.point_type != "deposition"
        )
        measurement = measure_planar_toolpath(path, (PlanarSliceLayer("layer", 0, (other, region)),))
        assert measurement.deposition_outside_max_mm == pytest.approx(0)
>       assert measurement.bead_outside_max_mm <= 0.001
E       assert 0.25 <= 0.001
E        +  where 0.25 = PlanarToolpathMeasurement(deposition_outside_max_mm=0.0, covered_area_mm2=28.305555555555554, residual_area_mm2=13.694...ometric_region_area_mm2=42.0, target_solid_volume_mm3=8.4, material_excess_mm3=0.0, sample_grid_mm=0.16666666666666666).bead_outside_max_mm

tests\test_planar_zigzag.py:82: AssertionError
____ test_spiral_interlayer_geometry_uses_continuous_validation_semantics _____

monkeypatch = <_pytest.monkeypatch.MonkeyPatch object at 0x000002AFC0045E20>
tmp_path = WindowsPath('F:/【项目和任务】/5AxisSclicer_V2.0/tmp/project_audit_fix/planar_initial/test_spiral_interlayer_geometr0')

    def test_spiral_interlayer_geometry_uses_continuous_validation_semantics(
        monkeypatch, tmp_path: Path
    ) -> None:
        layers = (
            PlanarSliceLayer("l1", 0.5, (PlanarRegion("r1", _loop(0.5, 6.0)),)),
            PlanarSliceLayer("l2", 1.0, (PlanarRegion("r1", _loop(1.0, 8.0)),)),
        )
        monkeypatch.setattr(planar_product, "slice_planar_layers", lambda *args, **kwargs: layers)
    
        result = generate_planar_path_product(
            _model(), _operation(), _machine(), _nozzle(), RigidTransform.identity("build")
        )
    
        assert result.validation.measurement.deposition_outside_max_mm > 0.0
>       assert "planar.spiral_discrete_layer_projection_only" in result.manifest.issues
E       AssertionError: assert 'planar.spiral_discrete_layer_projection_only' in ('xyzac.rotary_singularity', 'planar.spiral_bead_outside_cad')
E        +  where ('xyzac.rotary_singularity', 'planar.spiral_bead_outside_cad') = GeneratedResultManifest(result_id='planar-spiral-1-spiral-v3-result-v1', operation_id='planar-spiral-1', status=<Gener...T05:01:27.698265+00:00', ready_for_export=False, issues=('xyzac.rotary_singularity', 'planar.spiral_bead_outside_cad')).issues
E        +    where GeneratedResultManifest(result_id='planar-spiral-1-spiral-v3-result-v1', operation_id='planar-spiral-1', status=<Gener...T05:01:27.698265+00:00', ready_for_export=False, issues=('xyzac.rotary_singularity', 'planar.spiral_bead_outside_cad')) = PlanarZigzagProductResult(operation_type='planar_spiral', layers=(PlanarSliceLayer(layer_id='l1', z_mm=0.5, regions=(P...te_mismatches=(), feedrate_mismatches=(), extrusion_mismatches=(), order_mismatches=('export_blocked_by_validation',))).manifest

tests\test_planar_path_products.py:116: AssertionError
____ test_offset_product_generates_multiple_passes_reads_back_and_exports _____

monkeypatch = <_pytest.monkeypatch.MonkeyPatch object at 0x000002AFC00460F0>
tmp_path = WindowsPath('F:/【项目和任务】/5AxisSclicer_V2.0/tmp/project_audit_fix/planar_initial/test_offset_product_generates_0')

    def test_offset_product_generates_multiple_passes_reads_back_and_exports(
        monkeypatch, tmp_path: Path
    ) -> None:
        operation = _offset_operation()
        layers = (PlanarSliceLayer("l1", 0.5, (_rect("region", 0, 0, 8, 6),)),)
        monkeypatch.setattr(planar_product, "slice_planar_layers", lambda *args, **kwargs: layers)
>       result = generate_planar_path_product(
            _model(), operation, _machine(), _nozzle(), RigidTransform.identity("build")
        )

tests\test_planar_path_products.py:146: 
_ _ _ _ _ _ _ _ _ _ _ _ _ _ _ _ _ _ _ _ _ _ _ _ _ _ _ _ _ _ _ _ _ _ _ _ _ _ _ _
src\five_axis_slicer\postprocessing\planar_product.py:342: in generate_planar_path_product
    return _postprocess_path(
src\five_axis_slicer\postprocessing\planar_product.py:647: in _postprocess_path
    gcode = postprocess_indexed_gcode(
src\five_axis_slicer\postprocessing\indexed_tube.py:326: in postprocess_indexed_gcode
    events = events_by_sequence(toolpath)
             ^^^^^^^^^^^^^^^^^^^^^^^^^^^^
_ _ _ _ _ _ _ _ _ _ _ _ _ _ _ _ _ _ _ _ _ _ _ _ _ _ _ _ _ _ _ _ _ _ _ _ _ _ _ _

toolpath = GeneratedToolpath(toolpath_id='planar-offset-1-planar_offset-v1', operation_id='planar-offset-1', coordinate_frame='wo...anar_offset', layer_id='l1', region_id='region', duration_s=None, context=mappingproxy({'extrusion_length_mm': 1.0}))))

    def events_by_sequence(toolpath: GeneratedToolpath) -> dict[int, list[ToolpathEvent]]:
        """Sequence N executes after N path points, including terminal events at len(points)."""
        result: dict[int, list[ToolpathEvent]] = {}
        count = len(toolpath.points)
        for event in toolpath.events:
            default = count if event.event_type == "finish" else None
            sequence = event.context.get("sequence_index", default)
            if (
                isinstance(sequence, bool)
                or not isinstance(sequence, int)
                or not 0 <= sequence <= count
            ):
>               raise ValueError(f"{event.event_id}: sequence_index must be an integer in [0, {count}]")
E               ValueError: event-0000001: sequence_index must be an integer in [0, 15]

src\five_axis_slicer\postprocessing\gcode_contract.py:51: ValueError
____________ test_controller_generates_and_exports_offset_product _____________

monkeypatch = <_pytest.monkeypatch.MonkeyPatch object at 0x000002AFC0047B00>
tmp_path = WindowsPath('F:/【项目和任务】/5AxisSclicer_V2.0/tmp/project_audit_fix/planar_initial/test_controller_generates_and_0')

    def test_controller_generates_and_exports_offset_product(monkeypatch, tmp_path: Path) -> None:
        operation = _offset_operation()
        layers = (PlanarSliceLayer("l1", 0.5, (_rect("region", 0, 0, 8, 6),)),)
        monkeypatch.setattr(planar_product, "slice_planar_layers", lambda *args, **kwargs: layers)
        controller = PlanarController(_model(), setup=_setup(), operations=(operation,))
    
>       result = controller.generate_operation(operation.operation_id)
                 ^^^^^^^^^^^^^^^^^^^^^^^^^^^^^^^^^^^^^^^^^^^^^^^^^^^^^

tests\test_planar_path_products.py:173: 
_ _ _ _ _ _ _ _ _ _ _ _ _ _ _ _ _ _ _ _ _ _ _ _ _ _ _ _ _ _ _ _ _ _ _ _ _ _ _ _
src\five_axis_slicer\planar_controller.py:258: in generate_operation
    validate_planar_generation_inputs(self._setup, self._cad_model, operation)
_ _ _ _ _ _ _ _ _ _ _ _ _ _ _ _ _ _ _ _ _ _ _ _ _ _ _ _ _ _ _ _ _ _ _ _ _ _ _ _

setup = ManufacturingSetup(setup_id='setup-1', name='Manufacturing Setup 1', assignments=ManufacturingObjectAssignments(part_b...uild_plate_mount'), draft_nodes=frozenset(), dirty_nodes=frozenset(), invalid_nodes=frozenset(), issues=(), revision=1)
model = CadModel(source_path=WindowsPath('planar-zigzag.step'), source_hash='bbbbbbbbbbbbbbbbbbbbbbbbbbbbbbbbbbbbbbbbbbbbbbbbb..._declaration'), bounds=BoundingBox(minimum=(0, 0, 0), maximum=(8, 6, 1)), source_size_bytes=None, source_mtime_ns=None)
operation = PlanarOperationDefinition(operation_id='planar-offset-1', setup_id='setup-1', name='Planar Offset', operation_type='pl...2, support_line_spacing_mm=2.0, support_interface_layers=2, support_interface_spacing_mm=0.6, support_pattern='lines'))

    def validate_planar_generation_inputs(
        setup: ManufacturingSetup, model: CadModel, operation: PlanarOperationDefinition
    ) -> None:
        if not operation.enabled or operation.setup_id != setup.setup_id:
            raise ValueError("Planar Generate requires an enabled operation in the current Setup")
        if operation.geometry.body is None:
            raise ValueError("Planar Generate requires a selected body")
        source = Path(model.source_path)
        if source.is_file() and hashlib.sha256(source.read_bytes()).hexdigest() != model.source_hash:
            raise ValueError("CAD source changed on disk; update the model before Generate")
        if operation.operation_type == "planar_region":
            return
        report = setup.validation_report()
        if not report.setup_ready or report.has_errors or setup.draft_nodes:
>           raise ValueError("Planar path Generate requires a valid applied Setup and reviewed resources")
E           ValueError: Planar path Generate requires a valid applied Setup and reviewed resources

src\five_axis_slicer\planar_generation_context.py:128: ValueError
_ test_offset_product_handles_holes_concavity_multiple_islands_and_split_necks _

monkeypatch = <_pytest.monkeypatch.MonkeyPatch object at 0x000002AFC009B4D0>

    def test_offset_product_handles_holes_concavity_multiple_islands_and_split_necks(
        monkeypatch,
    ) -> None:
        z = 0.5
        holed = PlanarRegion(
            "holed",
            _rect("unused", 0, 0, 20, 20).outer,
            (_rect("unused", 7, 7, 13, 13).outer,),
        )
        concave = PlanarRegion(
            "concave",
            (
                (25, 0, z),
                (45, 0, z),
                (45, 20, z),
                (37, 20, z),
                (37, 8, z),
                (33, 8, z),
                (33, 20, z),
                (25, 20, z),
                (25, 0, z),
            ),
        )
        dumbbell = PlanarRegion(
            "split",
            tuple(
                (x + 50, y, z)
                for x, y in (
                    (0, 0),
                    (4, 0),
                    (4, 1.5),
                    (8, 1.5),
                    (8, 0),
                    (12, 0),
                    (12, 4),
                    (8, 4),
                    (8, 2.5),
                    (4, 2.5),
                    (4, 4),
                    (0, 4),
                    (0, 0),
                )
            ),
        )
        layers = (PlanarSliceLayer("l1", z, (holed, concave, dumbbell, _rect("island", 70, 0, 78, 8))),)
        monkeypatch.setattr(planar_product, "slice_planar_layers", lambda *args, **kwargs: layers)
    
>       result = generate_planar_path_product(
            _model(), _offset_operation(), _machine(), _nozzle(), RigidTransform.identity("build")
        )

tests\test_planar_path_products.py:230: 
_ _ _ _ _ _ _ _ _ _ _ _ _ _ _ _ _ _ _ _ _ _ _ _ _ _ _ _ _ _ _ _ _ _ _ _ _ _ _ _
src\five_axis_slicer\postprocessing\planar_product.py:342: in generate_planar_path_product
    return _postprocess_path(
src\five_axis_slicer\postprocessing\planar_product.py:647: in _postprocess_path
    gcode = postprocess_indexed_gcode(
src\five_axis_slicer\postprocessing\indexed_tube.py:326: in postprocess_indexed_gcode
    events = events_by_sequence(toolpath)
             ^^^^^^^^^^^^^^^^^^^^^^^^^^^^
_ _ _ _ _ _ _ _ _ _ _ _ _ _ _ _ _ _ _ _ _ _ _ _ _ _ _ _ _ _ _ _ _ _ _ _ _ _ _ _

toolpath = GeneratedToolpath(toolpath_id='planar-offset-1-planar_offset-v1', operation_id='planar-offset-1', coordinate_frame='wo...lanar_offset', layer_id='l1', region_id='split', duration_s=None, context=mappingproxy({'extrusion_length_mm': 1.0}))))

    def events_by_sequence(toolpath: GeneratedToolpath) -> dict[int, list[ToolpathEvent]]:
        """Sequence N executes after N path points, including terminal events at len(points)."""
        result: dict[int, list[ToolpathEvent]] = {}
        count = len(toolpath.points)
        for event in toolpath.events:
            default = count if event.event_type == "finish" else None
            sequence = event.context.get("sequence_index", default)
            if (
                isinstance(sequence, bool)
                or not isinstance(sequence, int)
                or not 0 <= sequence <= count
            ):
>               raise ValueError(f"{event.event_id}: sequence_index must be an integer in [0, {count}]")
E               ValueError: event-0000001: sequence_index must be an integer in [0, 465]

src\five_axis_slicer\postprocessing\gcode_contract.py:51: ValueError
_____ test_offset_partial_disappearance_is_warning_and_remains_exportable _____

monkeypatch = <_pytest.monkeypatch.MonkeyPatch object at 0x000002AFC0132270>
tmp_path = WindowsPath('F:/【项目和任务】/5AxisSclicer_V2.0/tmp/project_audit_fix/planar_initial/test_offset_partial_disappeara0')

    def test_offset_partial_disappearance_is_warning_and_remains_exportable(
        monkeypatch, tmp_path: Path
    ) -> None:
        layers = (
            PlanarSliceLayer(
                "l1",
                0.5,
                (_rect("printable", 0, 0, 8, 8), _rect("vanished", 10, 0, 10.4, 5)),
            ),
        )
        monkeypatch.setattr(planar_product, "slice_planar_layers", lambda *args, **kwargs: layers)
>       result = generate_planar_path_product(
            _model(), _offset_operation(), _machine(), _nozzle(), RigidTransform.identity("build")
        )

tests\test_planar_path_products.py:260: 
_ _ _ _ _ _ _ _ _ _ _ _ _ _ _ _ _ _ _ _ _ _ _ _ _ _ _ _ _ _ _ _ _ _ _ _ _ _ _ _
src\five_axis_slicer\postprocessing\planar_product.py:342: in generate_planar_path_product
    return _postprocess_path(
src\five_axis_slicer\postprocessing\planar_product.py:647: in _postprocess_path
    gcode = postprocess_indexed_gcode(
src\five_axis_slicer\postprocessing\indexed_tube.py:326: in postprocess_indexed_gcode
    events = events_by_sequence(toolpath)
             ^^^^^^^^^^^^^^^^^^^^^^^^^^^^
_ _ _ _ _ _ _ _ _ _ _ _ _ _ _ _ _ _ _ _ _ _ _ _ _ _ _ _ _ _ _ _ _ _ _ _ _ _ _ _

toolpath = GeneratedToolpath(toolpath_id='planar-offset-1-planar_offset-v1', operation_id='planar-offset-1', coordinate_frame='wo...r_offset', layer_id='l1', region_id='printable', duration_s=None, context=mappingproxy({'extrusion_length_mm': 1.0}))))

    def events_by_sequence(toolpath: GeneratedToolpath) -> dict[int, list[ToolpathEvent]]:
        """Sequence N executes after N path points, including terminal events at len(points)."""
        result: dict[int, list[ToolpathEvent]] = {}
        count = len(toolpath.points)
        for event in toolpath.events:
            default = count if event.event_type == "finish" else None
            sequence = event.context.get("sequence_index", default)
            if (
                isinstance(sequence, bool)
                or not isinstance(sequence, int)
                or not 0 <= sequence <= count
            ):
>               raise ValueError(f"{event.event_id}: sequence_index must be an integer in [0, {count}]")
E               ValueError: event-0000001: sequence_index must be an integer in [0, 15]

src\five_axis_slicer\postprocessing\gcode_contract.py:51: ValueError
_ test_offset_complete_disappearance_sets_controller_error_and_blocks_export __

monkeypatch = <_pytest.monkeypatch.MonkeyPatch object at 0x000002AFC01326F0>
tmp_path = WindowsPath('F:/【项目和任务】/5AxisSclicer_V2.0/tmp/project_audit_fix/planar_initial/test_offset_complete_disappear0')

    def test_offset_complete_disappearance_sets_controller_error_and_blocks_export(
        monkeypatch, tmp_path: Path
    ) -> None:
        operation = _offset_operation()
        layers = (PlanarSliceLayer("l1", 0.5, (_rect("vanished", 0, 0, 0.4, 5),)),)
        monkeypatch.setattr(planar_product, "slice_planar_layers", lambda *args, **kwargs: layers)
        controller = PlanarController(_model(), setup=_setup(), operations=(operation,))
    
>       with pytest.raises(ValueError, match="produced no printable path"):
             ^^^^^^^^^^^^^^^^^^^^^^^^^^^^^^^^^^^^^^^^^^^^^^^^^^^^^^^^^^^^^
E       AssertionError: Regex pattern did not match.
E         Expected regex: 'produced no printable path'
E         Actual message: 'Planar path Generate requires a valid applied Setup and reviewed resources'

tests\test_planar_path_products.py:278: AssertionError
________________ test_controller_zigzag_generation_and_export _________________

tmp_path = WindowsPath('F:/【项目和任务】/5AxisSclicer_V2.0/tmp/project_audit_fix/planar_initial/test_controller_zigzag_generat0')

    def test_controller_zigzag_generation_and_export(tmp_path: Path) -> None:
        controller = PlanarController(_model(), setup=_setup(), operations=(_operation(),))
    
>       result = controller.generate_operation("planar-zigzag-1")
                 ^^^^^^^^^^^^^^^^^^^^^^^^^^^^^^^^^^^^^^^^^^^^^^^^

tests\test_planar_zigzag_product.py:147: 
_ _ _ _ _ _ _ _ _ _ _ _ _ _ _ _ _ _ _ _ _ _ _ _ _ _ _ _ _ _ _ _ _ _ _ _ _ _ _ _
src\five_axis_slicer\planar_controller.py:258: in generate_operation
    validate_planar_generation_inputs(self._setup, self._cad_model, operation)
_ _ _ _ _ _ _ _ _ _ _ _ _ _ _ _ _ _ _ _ _ _ _ _ _ _ _ _ _ _ _ _ _ _ _ _ _ _ _ _

setup = ManufacturingSetup(setup_id='setup-1', name='Manufacturing Setup 1', assignments=ManufacturingObjectAssignments(part_b...uild_plate_mount'), draft_nodes=frozenset(), dirty_nodes=frozenset(), invalid_nodes=frozenset(), issues=(), revision=1)
model = CadModel(source_path=WindowsPath('planar-zigzag.step'), source_hash='bbbbbbbbbbbbbbbbbbbbbbbbbbbbbbbbbbbbbbbbbbbbbbbbb..._declaration'), bounds=BoundingBox(minimum=(0, 0, 0), maximum=(8, 6, 1)), source_size_bytes=None, source_mtime_ns=None)
operation = PlanarOperationDefinition(operation_id='planar-zigzag-1', setup_id='setup-1', name='Planar Region', operation_type='pl...2, support_line_spacing_mm=2.0, support_interface_layers=2, support_interface_spacing_mm=0.6, support_pattern='lines'))

    def validate_planar_generation_inputs(
        setup: ManufacturingSetup, model: CadModel, operation: PlanarOperationDefinition
    ) -> None:
        if not operation.enabled or operation.setup_id != setup.setup_id:
            raise ValueError("Planar Generate requires an enabled operation in the current Setup")
        if operation.geometry.body is None:
            raise ValueError("Planar Generate requires a selected body")
        source = Path(model.source_path)
        if source.is_file() and hashlib.sha256(source.read_bytes()).hexdigest() != model.source_hash:
            raise ValueError("CAD source changed on disk; update the model before Generate")
        if operation.operation_type == "planar_region":
            return
        report = setup.validation_report()
        if not report.setup_ready or report.has_errors or setup.draft_nodes:
>           raise ValueError("Planar path Generate requires a valid applied Setup and reviewed resources")
E           ValueError: Planar path Generate requires a valid applied Setup and reviewed resources

src\five_axis_slicer\planar_generation_context.py:128: ValueError
______ test_zigzag_cancel_preserves_ready_then_parameter_change_is_stale ______

    def test_zigzag_cancel_preserves_ready_then_parameter_change_is_stale() -> None:
        controller = PlanarController(_model(), setup=_setup(), operations=(_operation(),))
>       ready = controller.generate_operation("planar-zigzag-1")
                ^^^^^^^^^^^^^^^^^^^^^^^^^^^^^^^^^^^^^^^^^^^^^^^^

tests\test_planar_zigzag_product.py:159: 
_ _ _ _ _ _ _ _ _ _ _ _ _ _ _ _ _ _ _ _ _ _ _ _ _ _ _ _ _ _ _ _ _ _ _ _ _ _ _ _
src\five_axis_slicer\planar_controller.py:258: in generate_operation
    validate_planar_generation_inputs(self._setup, self._cad_model, operation)
_ _ _ _ _ _ _ _ _ _ _ _ _ _ _ _ _ _ _ _ _ _ _ _ _ _ _ _ _ _ _ _ _ _ _ _ _ _ _ _

setup = ManufacturingSetup(setup_id='setup-1', name='Manufacturing Setup 1', assignments=ManufacturingObjectAssignments(part_b...uild_plate_mount'), draft_nodes=frozenset(), dirty_nodes=frozenset(), invalid_nodes=frozenset(), issues=(), revision=1)
model = CadModel(source_path=WindowsPath('planar-zigzag.step'), source_hash='bbbbbbbbbbbbbbbbbbbbbbbbbbbbbbbbbbbbbbbbbbbbbbbbb..._declaration'), bounds=BoundingBox(minimum=(0, 0, 0), maximum=(8, 6, 1)), source_size_bytes=None, source_mtime_ns=None)
operation = PlanarOperationDefinition(operation_id='planar-zigzag-1', setup_id='setup-1', name='Planar Region', operation_type='pl...2, support_line_spacing_mm=2.0, support_interface_layers=2, support_interface_spacing_mm=0.6, support_pattern='lines'))

    def validate_planar_generation_inputs(
        setup: ManufacturingSetup, model: CadModel, operation: PlanarOperationDefinition
    ) -> None:
        if not operation.enabled or operation.setup_id != setup.setup_id:
            raise ValueError("Planar Generate requires an enabled operation in the current Setup")
        if operation.geometry.body is None:
            raise ValueError("Planar Generate requires a selected body")
        source = Path(model.source_path)
        if source.is_file() and hashlib.sha256(source.read_bytes()).hexdigest() != model.source_hash:
            raise ValueError("CAD source changed on disk; update the model before Generate")
        if operation.operation_type == "planar_region":
            return
        report = setup.validation_report()
        if not report.setup_ready or report.has_errors or setup.draft_nodes:
>           raise ValueError("Planar path Generate requires a valid applied Setup and reviewed resources")
E           ValueError: Planar path Generate requires a valid applied Setup and reviewed resources

src\five_axis_slicer\planar_generation_context.py:128: ValueError
________ test_thin_wall_product_is_exportable_and_contains_p04_bundle _________

tmp_path = WindowsPath('F:/【项目和任务】/5AxisSclicer_V2.0/tmp/project_audit_fix/planar_initial/test_thin_wall_product_is_expo0')

    def test_thin_wall_product_is_exportable_and_contains_p04_bundle(tmp_path: Path):
>       result = generate_planar_path_product(
            _model(), _thin_operation(), _machine(), _nozzle(), RigidTransform.identity("build")
        )

tests\test_planar_thin_wall_product.py:28: 
_ _ _ _ _ _ _ _ _ _ _ _ _ _ _ _ _ _ _ _ _ _ _ _ _ _ _ _ _ _ _ _ _ _ _ _ _ _ _ _
src\five_axis_slicer\postprocessing\planar_product.py:342: in generate_planar_path_product
    return _postprocess_path(
src\five_axis_slicer\postprocessing\planar_product.py:647: in _postprocess_path
    gcode = postprocess_indexed_gcode(
src\five_axis_slicer\postprocessing\indexed_tube.py:326: in postprocess_indexed_gcode
    events = events_by_sequence(toolpath)
             ^^^^^^^^^^^^^^^^^^^^^^^^^^^^
_ _ _ _ _ _ _ _ _ _ _ _ _ _ _ _ _ _ _ _ _ _ _ _ _ _ _ _ _ _ _ _ _ _ _ _ _ _ _ _

toolpath = GeneratedToolpath(toolpath_id='planar-thin-wall-1-planar_thin_wall-v1', operation_id='planar-thin-wall-1', coordinate_...layer_id='layer-00001', region_id='region-0001', duration_s=None, context=mappingproxy({'extrusion_length_mm': 1.0}))))

    def events_by_sequence(toolpath: GeneratedToolpath) -> dict[int, list[ToolpathEvent]]:
        """Sequence N executes after N path points, including terminal events at len(points)."""
        result: dict[int, list[ToolpathEvent]] = {}
        count = len(toolpath.points)
        for event in toolpath.events:
            default = count if event.event_type == "finish" else None
            sequence = event.context.get("sequence_index", default)
            if (
                isinstance(sequence, bool)
                or not isinstance(sequence, int)
                or not 0 <= sequence <= count
            ):
>               raise ValueError(f"{event.event_id}: sequence_index must be an integer in [0, {count}]")
E               ValueError: event-0000001: sequence_index must be an integer in [0, 10]

src\five_axis_slicer\postprocessing\gcode_contract.py:51: ValueError
___________ test_thin_wall_max_passes_changes_product_semantic_hash ___________

    def test_thin_wall_max_passes_changes_product_semantic_hash():
>       first = generate_planar_path_product(
            _model(), _thin_operation(), _machine(), _nozzle(), RigidTransform.identity("build")
        )

tests\test_planar_thin_wall_product.py:46: 
_ _ _ _ _ _ _ _ _ _ _ _ _ _ _ _ _ _ _ _ _ _ _ _ _ _ _ _ _ _ _ _ _ _ _ _ _ _ _ _
src\five_axis_slicer\postprocessing\planar_product.py:342: in generate_planar_path_product
    return _postprocess_path(
src\five_axis_slicer\postprocessing\planar_product.py:647: in _postprocess_path
    gcode = postprocess_indexed_gcode(
src\five_axis_slicer\postprocessing\indexed_tube.py:326: in postprocess_indexed_gcode
    events = events_by_sequence(toolpath)
             ^^^^^^^^^^^^^^^^^^^^^^^^^^^^
_ _ _ _ _ _ _ _ _ _ _ _ _ _ _ _ _ _ _ _ _ _ _ _ _ _ _ _ _ _ _ _ _ _ _ _ _ _ _ _

toolpath = GeneratedToolpath(toolpath_id='planar-thin-wall-1-planar_thin_wall-v1', operation_id='planar-thin-wall-1', coordinate_...layer_id='layer-00001', region_id='region-0001', duration_s=None, context=mappingproxy({'extrusion_length_mm': 1.0}))))

    def events_by_sequence(toolpath: GeneratedToolpath) -> dict[int, list[ToolpathEvent]]:
        """Sequence N executes after N path points, including terminal events at len(points)."""
        result: dict[int, list[ToolpathEvent]] = {}
        count = len(toolpath.points)
        for event in toolpath.events:
            default = count if event.event_type == "finish" else None
            sequence = event.context.get("sequence_index", default)
            if (
                isinstance(sequence, bool)
                or not isinstance(sequence, int)
                or not 0 <= sequence <= count
            ):
>               raise ValueError(f"{event.event_id}: sequence_index must be an integer in [0, {count}]")
E               ValueError: event-0000001: sequence_index must be an integer in [0, 10]

src\five_axis_slicer\postprocessing\gcode_contract.py:51: ValueError
__________ test_thin_wall_parameter_change_marks_ready_product_stale __________

    def test_thin_wall_parameter_change_marks_ready_product_stale():
        operation = _thin_operation()
        controller = PlanarController(_model(), setup=_setup(), operations=(operation,))
>       controller.generate_operation(operation.operation_id)

tests\test_planar_thin_wall_product.py:61: 
_ _ _ _ _ _ _ _ _ _ _ _ _ _ _ _ _ _ _ _ _ _ _ _ _ _ _ _ _ _ _ _ _ _ _ _ _ _ _ _
src\five_axis_slicer\planar_controller.py:258: in generate_operation
    validate_planar_generation_inputs(self._setup, self._cad_model, operation)
_ _ _ _ _ _ _ _ _ _ _ _ _ _ _ _ _ _ _ _ _ _ _ _ _ _ _ _ _ _ _ _ _ _ _ _ _ _ _ _

setup = ManufacturingSetup(setup_id='setup-1', name='Manufacturing Setup 1', assignments=ManufacturingObjectAssignments(part_b...uild_plate_mount'), draft_nodes=frozenset(), dirty_nodes=frozenset(), invalid_nodes=frozenset(), issues=(), revision=1)
model = CadModel(source_path=WindowsPath('planar-zigzag.step'), source_hash='bbbbbbbbbbbbbbbbbbbbbbbbbbbbbbbbbbbbbbbbbbbbbbbbb..._declaration'), bounds=BoundingBox(minimum=(0, 0, 0), maximum=(8, 6, 1)), source_size_bytes=None, source_mtime_ns=None)
operation = PlanarOperationDefinition(operation_id='planar-thin-wall-1', setup_id='setup-1', name='Planar Region', operation_type=...2, support_line_spacing_mm=2.0, support_interface_layers=2, support_interface_spacing_mm=0.6, support_pattern='lines'))

    def validate_planar_generation_inputs(
        setup: ManufacturingSetup, model: CadModel, operation: PlanarOperationDefinition
    ) -> None:
        if not operation.enabled or operation.setup_id != setup.setup_id:
            raise ValueError("Planar Generate requires an enabled operation in the current Setup")
        if operation.geometry.body is None:
            raise ValueError("Planar Generate requires a selected body")
        source = Path(model.source_path)
        if source.is_file() and hashlib.sha256(source.read_bytes()).hexdigest() != model.source_hash:
            raise ValueError("CAD source changed on disk; update the model before Generate")
        if operation.operation_type == "planar_region":
            return
        report = setup.validation_report()
        if not report.setup_ready or report.has_errors or setup.draft_nodes:
>           raise ValueError("Planar path Generate requires a valid applied Setup and reviewed resources")
E           ValueError: Planar path Generate requires a valid applied Setup and reviewed resources

src\five_axis_slicer\planar_generation_context.py:128: ValueError
__________ test_thin_wall_narrow_reduce_policy_is_a_visible_warning ___________

    def test_thin_wall_narrow_reduce_policy_is_a_visible_warning():
        operation = replace(
            _thin_operation(),
            parameters=replace(_thin_operation().parameters, wall_thickness_mm=0.3),
        )
    
>       result = generate_planar_path_product(
            _model(), operation, _machine(), _nozzle(), RigidTransform.identity("build")
        )

tests\test_planar_thin_wall_product.py:78: 
_ _ _ _ _ _ _ _ _ _ _ _ _ _ _ _ _ _ _ _ _ _ _ _ _ _ _ _ _ _ _ _ _ _ _ _ _ _ _ _
src\five_axis_slicer\postprocessing\planar_product.py:342: in generate_planar_path_product
    return _postprocess_path(
src\five_axis_slicer\postprocessing\planar_product.py:647: in _postprocess_path
    gcode = postprocess_indexed_gcode(
src\five_axis_slicer\postprocessing\indexed_tube.py:326: in postprocess_indexed_gcode
    events = events_by_sequence(toolpath)
             ^^^^^^^^^^^^^^^^^^^^^^^^^^^^
_ _ _ _ _ _ _ _ _ _ _ _ _ _ _ _ _ _ _ _ _ _ _ _ _ _ _ _ _ _ _ _ _ _ _ _ _ _ _ _

toolpath = GeneratedToolpath(toolpath_id='planar-thin-wall-1-planar_thin_wall-v1', operation_id='planar-thin-wall-1', coordinate_...ayer_id='layer-00001', region_id='region-0001', duration_s=None, context=mappingproxy({'extrusion_length_mm': 1.0})),))

    def events_by_sequence(toolpath: GeneratedToolpath) -> dict[int, list[ToolpathEvent]]:
        """Sequence N executes after N path points, including terminal events at len(points)."""
        result: dict[int, list[ToolpathEvent]] = {}
        count = len(toolpath.points)
        for event in toolpath.events:
            default = count if event.event_type == "finish" else None
            sequence = event.context.get("sequence_index", default)
            if (
                isinstance(sequence, bool)
                or not isinstance(sequence, int)
                or not 0 <= sequence <= count
            ):
>               raise ValueError(f"{event.event_id}: sequence_index must be an integer in [0, {count}]")
E               ValueError: event-0000001: sequence_index must be an integer in [0, 5]

src\five_axis_slicer\postprocessing\gcode_contract.py:51: ValueError
_____ test_support_product_matches_analytic_domain_and_exports_p07_bundle _____

tmp_path = WindowsPath('F:/【项目和任务】/5AxisSclicer_V2.0/tmp/project_audit_fix/planar_initial/test_support_product_matches_a0')

    def test_support_product_matches_analytic_domain_and_exports_p07_bundle(tmp_path: Path) -> None:
        model = _cad_model(tmp_path, _floating_beam(), "floating-beam")
        operation = _support_operation()
    
        result = _generate(model, operation)
    
        assert result.operation_type == "planar_support"
        assert [layer.z_mm for layer in result.layers] == pytest.approx([0.5, 1.0, 1.5, 2.0, 2.5, 3.0])
        assert all(not layer.regions for layer in result.layers[:4])
        assert all(layer.regions for layer in result.layers[4:])
        assert result.exportable and result.readback.passed
>       assert result.manifest.algorithm_version == "planar-support-product-v1"
E       AssertionError: assert 'planar-support-product-v2' == 'planar-support-product-v1'
E         
E         - planar-support-product-v1
E         ?                         ^
E         + planar-support-product-v2
E         ?                         ^

tests\test_planar_support_product.py:123: AssertionError
__ test_controller_creates_generates_and_exports_support_then_marks_it_stale __

tmp_path = WindowsPath('F:/【项目和任务】/5AxisSclicer_V2.0/tmp/project_audit_fix/planar_initial/test_controller_creates_genera0')

    def test_controller_creates_generates_and_exports_support_then_marks_it_stale(
        tmp_path: Path,
    ) -> None:
        model = _cad_model(tmp_path, _floating_beam(), "controller-floating-beam")
        controller = PlanarController(model, setup=_setup())
        created = controller.create_operation(
            "planar_support", operation_id="planar-support-1", name="Planar Support"
        )
        operation = controller.configure_operation(
            operation_id=created.operation_id,
            body_id="body",
            parameters=_support_operation().parameters,
        )
    
>       result = controller.generate_operation(operation.operation_id)
                 ^^^^^^^^^^^^^^^^^^^^^^^^^^^^^^^^^^^^^^^^^^^^^^^^^^^^^

tests\test_planar_support_product.py:178: 
_ _ _ _ _ _ _ _ _ _ _ _ _ _ _ _ _ _ _ _ _ _ _ _ _ _ _ _ _ _ _ _ _ _ _ _ _ _ _ _
src\five_axis_slicer\planar_controller.py:258: in generate_operation
    validate_planar_generation_inputs(self._setup, self._cad_model, operation)
_ _ _ _ _ _ _ _ _ _ _ _ _ _ _ _ _ _ _ _ _ _ _ _ _ _ _ _ _ _ _ _ _ _ _ _ _ _ _ _

setup = ManufacturingSetup(setup_id='setup-1', name='Manufacturing Setup 1', assignments=ManufacturingObjectAssignments(part_b...uild_plate_mount'), draft_nodes=frozenset(), dirty_nodes=frozenset(), invalid_nodes=frozenset(), issues=(), revision=1)
model = CadModel(source_path=WindowsPath('F:/【项目和任务】/5AxisSclicer_V2.0/tmp/project_audit_fix/planar_initial/test_controller_cr...ngBox(minimum=(4.0, 2.0, 2.2), maximum=(12.0, 8.0, 3.2)), source_size_bytes=15398, source_mtime_ns=1789189289409778700)
operation = PlanarOperationDefinition(operation_id='planar-support-1', setup_id='setup-1', name='Planar Support', operation_type='....0, support_line_spacing_mm=1.0, support_interface_layers=2, support_interface_spacing_mm=0.6, support_pattern='grid'))

    def validate_planar_generation_inputs(
        setup: ManufacturingSetup, model: CadModel, operation: PlanarOperationDefinition
    ) -> None:
        if not operation.enabled or operation.setup_id != setup.setup_id:
            raise ValueError("Planar Generate requires an enabled operation in the current Setup")
        if operation.geometry.body is None:
            raise ValueError("Planar Generate requires a selected body")
        source = Path(model.source_path)
        if source.is_file() and hashlib.sha256(source.read_bytes()).hexdigest() != model.source_hash:
            raise ValueError("CAD source changed on disk; update the model before Generate")
        if operation.operation_type == "planar_region":
            return
        report = setup.validation_report()
        if not report.setup_ready or report.has_errors or setup.draft_nodes:
>           raise ValueError("Planar path Generate requires a valid applied Setup and reviewed resources")
E           ValueError: Planar path Generate requires a valid applied Setup and reviewed resources

src\five_axis_slicer\planar_generation_context.py:128: ValueError
______ test_support_not_required_sets_controller_error_and_blocks_export ______

tmp_path = WindowsPath('F:/【项目和任务】/5AxisSclicer_V2.0/tmp/project_audit_fix/planar_initial/test_support_not_required_sets0')

    def test_support_not_required_sets_controller_error_and_blocks_export(tmp_path: Path) -> None:
        solid_from_plate = cq.Workplane("XY").box(8.0, 6.0, 3.2).translate((8.0, 5.0, 1.6))
        model = _cad_model(tmp_path, solid_from_plate, "straight-wall")
        operation = _support_operation()
        controller = PlanarController(model, setup=_setup(), operations=(operation,))
    
>       with pytest.raises(ValueError, match="planar.support_not_required"):
             ^^^^^^^^^^^^^^^^^^^^^^^^^^^^^^^^^^^^^^^^^^^^^^^^^^^^^^^^^^^^^^
E       AssertionError: Regex pattern did not match.
E         Expected regex: 'planar.support_not_required'
E         Actual message: 'Planar path Generate requires a valid applied Setup and reviewed resources'

tests\test_planar_support_product.py:210: AssertionError
__________ test_fully_unreachable_support_keeps_the_real_diagnostic ___________

tmp_path = WindowsPath('F:/【项目和任务】/5AxisSclicer_V2.0/tmp/project_audit_fix/planar_initial/test_fully_unreachable_support0')

    def test_fully_unreachable_support_keeps_the_real_diagnostic(tmp_path: Path) -> None:
        low_island = cq.Workplane("XY").box(8.0, 6.0, 0.2).translate((8.0, 5.0, 1.0))
        model = _cad_model(tmp_path, low_island, "low-floating-island")
        operation = _support_operation(last_layer_z_mm=1.5, support_z_gap_mm=0.5)
        controller = PlanarController(model, setup=_setup(), operations=(operation,))
    
>       with pytest.raises(ValueError, match="planar.support_unreachable_from_buildplate"):
             ^^^^^^^^^^^^^^^^^^^^^^^^^^^^^^^^^^^^^^^^^^^^^^^^^^^^^^^^^^^^^^^^^^^^^^^^^^^^^
E       AssertionError: Regex pattern did not match.
E         Expected regex: 'planar.support_unreachable_from_buildplate'
E         Actual message: 'Planar path Generate requires a valid applied Setup and reviewed resources'

tests\test_planar_support_product.py:276: AssertionError
______ test_support_metadata_source_and_setup_changes_make_results_stale ______

tmp_path = WindowsPath('F:/【项目和任务】/5AxisSclicer_V2.0/tmp/project_audit_fix/planar_initial/test_support_metadata_source_a0')

    def test_support_metadata_source_and_setup_changes_make_results_stale(tmp_path: Path) -> None:
        model = _cad_model(tmp_path, _floating_beam(), "stale-input-beam")
        operation = _support_operation()
        controller = PlanarController(model, setup=_setup(), operations=(operation,))
>       result = controller.generate_operation(operation.operation_id)
                 ^^^^^^^^^^^^^^^^^^^^^^^^^^^^^^^^^^^^^^^^^^^^^^^^^^^^^

tests\test_planar_support_product.py:299: 
_ _ _ _ _ _ _ _ _ _ _ _ _ _ _ _ _ _ _ _ _ _ _ _ _ _ _ _ _ _ _ _ _ _ _ _ _ _ _ _
src\five_axis_slicer\planar_controller.py:258: in generate_operation
    validate_planar_generation_inputs(self._setup, self._cad_model, operation)
_ _ _ _ _ _ _ _ _ _ _ _ _ _ _ _ _ _ _ _ _ _ _ _ _ _ _ _ _ _ _ _ _ _ _ _ _ _ _ _

setup = ManufacturingSetup(setup_id='setup-1', name='Manufacturing Setup 1', assignments=ManufacturingObjectAssignments(part_b...uild_plate_mount'), draft_nodes=frozenset(), dirty_nodes=frozenset(), invalid_nodes=frozenset(), issues=(), revision=1)
model = CadModel(source_path=WindowsPath('F:/【项目和任务】/5AxisSclicer_V2.0/tmp/project_audit_fix/planar_initial/test_support_metad...ngBox(minimum=(4.0, 2.0, 2.2), maximum=(12.0, 8.0, 3.2)), source_size_bytes=15398, source_mtime_ns=1789189290283784700)
operation = PlanarOperationDefinition(operation_id='planar-support-1', setup_id='setup-1', name='Planar Support', operation_type='....0, support_line_spacing_mm=1.0, support_interface_layers=2, support_interface_spacing_mm=0.6, support_pattern='grid'))

    def validate_planar_generation_inputs(
        setup: ManufacturingSetup, model: CadModel, operation: PlanarOperationDefinition
    ) -> None:
        if not operation.enabled or operation.setup_id != setup.setup_id:
            raise ValueError("Planar Generate requires an enabled operation in the current Setup")
        if operation.geometry.body is None:
            raise ValueError("Planar Generate requires a selected body")
        source = Path(model.source_path)
        if source.is_file() and hashlib.sha256(source.read_bytes()).hexdigest() != model.source_hash:
            raise ValueError("CAD source changed on disk; update the model before Generate")
        if operation.operation_type == "planar_region":
            return
        report = setup.validation_report()
        if not report.setup_ready or report.has_errors or setup.draft_nodes:
>           raise ValueError("Planar path Generate requires a valid applied Setup and reviewed resources")
E           ValueError: Planar path Generate requires a valid applied Setup and reviewed resources

src\five_axis_slicer\planar_generation_context.py:128: ValueError
=========================== short test summary info ===========================
FAILED tests/test_planar_zigzag.py::test_perimeters_close_each_loop_and_every_transition_is_explicit
FAILED tests/test_planar_path_products.py::test_spiral_interlayer_geometry_uses_continuous_validation_semantics
FAILED tests/test_planar_path_products.py::test_offset_product_generates_multiple_passes_reads_back_and_exports
FAILED tests/test_planar_path_products.py::test_controller_generates_and_exports_offset_product
FAILED tests/test_planar_path_products.py::test_offset_product_handles_holes_concavity_multiple_islands_and_split_necks
FAILED tests/test_planar_path_products.py::test_offset_partial_disappearance_is_warning_and_remains_exportable
FAILED tests/test_planar_path_products.py::test_offset_complete_disappearance_sets_controller_error_and_blocks_export
FAILED tests/test_planar_zigzag_product.py::test_controller_zigzag_generation_and_export
FAILED tests/test_planar_zigzag_product.py::test_zigzag_cancel_preserves_ready_then_parameter_change_is_stale
FAILED tests/test_planar_thin_wall_product.py::test_thin_wall_product_is_exportable_and_contains_p04_bundle
FAILED tests/test_planar_thin_wall_product.py::test_thin_wall_max_passes_changes_product_semantic_hash
FAILED tests/test_planar_thin_wall_product.py::test_thin_wall_parameter_change_marks_ready_product_stale
FAILED tests/test_planar_thin_wall_product.py::test_thin_wall_narrow_reduce_policy_is_a_visible_warning
FAILED tests/test_planar_support_product.py::test_support_product_matches_analytic_domain_and_exports_p07_bundle
FAILED tests/test_planar_support_product.py::test_controller_creates_generates_and_exports_support_then_marks_it_stale
FAILED tests/test_planar_support_product.py::test_support_not_required_sets_controller_error_and_blocks_export
FAILED tests/test_planar_support_product.py::test_fully_unreachable_support_keeps_the_real_diagnostic
FAILED tests/test_planar_support_product.py::test_support_metadata_source_and_setup_changes_make_results_stale
18 failed, 24 passed in 6.39s
